Enter barren land coordinates: {"399 599 399 599"}
Connected fertile land area: 239999 
