Enter barren land coordinates: {"0 0 0 0"}
Connected fertile land area: 239999 
