Enter barren land coordinates: {"0 0 500 800"}
	Warning: {0 0 500 800} is out of bounds, using inbound portion.
No fertile land.
