Enter barren land coordinates: {"0 192 399 207","0 392 399 407","120 0 135 599","260 0 275 599"}
Connected fertile land area: 22080 22816 22816 23040 23040 23808 23808 23808 23808 
