Enter barren land coordinates: {"0 0 399 599"}
No fertile land.
