Enter barren land coordinates: {"48 192 351 207","48 392 351 407","120 52 135 547","260 52 275 547"}
Connected fertile land area: 22816 192608 
